
[constructor]  ==== flash_if_available=False (0/16), fused_if_available=False (fusing_add_ln=0/16, fusing_mlp=0/16) ==== 
    [VAR config ] embed_dim=1024, num_heads=16, depth=16, mlp_ratio=4.0
    [drop ratios ] drop_rate=0.0, attn_drop_rate=0.0, drop_path_rate=0.0666667 (tensor([0.0000, 0.0044, 0.0089, 0.0133, 0.0178, 0.0222, 0.0267, 0.0311, 0.0356,
        0.0400, 0.0444, 0.0489, 0.0533, 0.0578, 0.0622, 0.0667]))

[init_weights] VAR with init_std=0.0180422
/home/liulu/.local/lib/python3.10/site-packages/torchvision/models/_utils.py:208: UserWarning: The parameter 'pretrained' is deprecated since 0.13 and may be removed in the future, please use 'weights' instead.
  warnings.warn(
/home/liulu/.local/lib/python3.10/site-packages/torchvision/models/_utils.py:223: UserWarning: Arguments other than a weight enum or `None` for 'weights' are deprecated since 0.13 and may be removed in the future. The current behavior is equivalent to passing `weights=None`.
  warnings.warn(msg)
train pure 15100
train pure 15200
train pure 15300
train pure 15400
train pure 15500
train pure 15600
train pure 15700
train pure 15800
train pure 15900
train pure 16000
train pure 16100
train pure 16200
train pure 16300
train pure 16400
train pure 16500
train pure 16600
train pure 16700
train pure 16800
train pure 16900
train pure 17000
train pure 17100
train pure 17200
train pure 17300
train pure 17400
train pure 17500
full calibration 17500 {'P4084': 0.0166703786626691}
train pure 17600
train pure 17700
train pure 17800
train pure 17900
train pure 18000
train pure 18100
train pure 18200
train pure 18300
train pure 18400
train pure 18500
train pure 18600
train pure 18700
train pure 18800
train pure 18900
train pure 19000
train pure 19100
train pure 19200
train pure 19300
train pure 19400
train pure 19500
train pure 19600
train pure 19700
train pure 19800
train pure 19900
train pure 20000
full calibration 20000 {'P4084': 0.016495200846251102}
