
[constructor]  ==== flash_if_available=False (0/16), fused_if_available=False (fusing_add_ln=0/16, fusing_mlp=0/16) ==== 
    [VAR config ] embed_dim=1024, num_heads=16, depth=16, mlp_ratio=4.0
    [drop ratios ] drop_rate=0.0, attn_drop_rate=0.0, drop_path_rate=0.0666667 (tensor([0.0000, 0.0044, 0.0089, 0.0133, 0.0178, 0.0222, 0.0267, 0.0311, 0.0356,
        0.0400, 0.0444, 0.0489, 0.0533, 0.0578, 0.0622, 0.0667]))

[init_weights] VAR with init_std=0.0180422
/home/liulu/.local/lib/python3.10/site-packages/torchvision/models/_utils.py:208: UserWarning: The parameter 'pretrained' is deprecated since 0.13 and may be removed in the future, please use 'weights' instead.
  warnings.warn(
/home/liulu/.local/lib/python3.10/site-packages/torchvision/models/_utils.py:223: UserWarning: Arguments other than a weight enum or `None` for 'weights' are deprecated since 0.13 and may be removed in the future. The current behavior is equivalent to passing `weights=None`.
  warnings.warn(msg)
train m6 37600
train m6 37700
train m6 37800
train m6 37900
train m6 38000
train m6 38100
train m6 38200
train m6 38300
train m6 38400
train m6 38500
train m6 38600
train m6 38700
train m6 38800
train m6 38900
train m6 39000
train m6 39100
train m6 39200
train m6 39300
train m6 39400
train m6 39500
train m6 39600
train m6 39700
train m6 39800
train m6 39900
train m6 40000
full calibration 40000 {'H6-V': 0.01954439138478289, 'H6-P': 0.019442619330110027}
