/home/liulu/projects/VAR_COMM/experiments/external-baseline-positioning-20260916/.venv/lib/python3.10/site-packages/torch/functional.py:478: UserWarning: torch.meshgrid: in an upcoming release, it will be required to pass the indexing argument. (Triggered internally at  ../aten/src/ATen/native/TensorShape.cpp:2894.)
  return _VF.meshgrid(tensors, **kwargs)  # type: ignore[attr-defined]
Encoder  dim=3, input_resolution=(256, 256), depth=2
Encoder  dim=128, input_resolution=(128, 128), depth=2
Encoder  dim=192, input_resolution=(64, 64), depth=6
Encoder  dim=256, input_resolution=(32, 32), depth=2
Decoder  dim=320, input_resolution=(16, 16), depth=2
Decoder  dim=256, input_resolution=(32, 32), depth=6
Decoder  dim=192, input_resolution=(64, 64), depth=2
Decoder  dim=128, input_resolution=(128, 128), depth=2
Traceback (most recent call last):
  File "/home/liulu/projects/VAR_COMM/outputs/EXTERNAL-COMPARISON-20261004/runtime/swin_train.py", line 410, in <module>
    run(arguments)
  File "/home/liulu/projects/VAR_COMM/outputs/EXTERNAL-COMPARISON-20261004/runtime/swin_train.py", line 295, in run
    qualified = qualification(model, train, config, output, bindings)
  File "/home/liulu/projects/VAR_COMM/outputs/EXTERNAL-COMPARISON-20261004/runtime/swin_train.py", line 166, in qualification
    timed_update()
  File "/home/liulu/projects/VAR_COMM/outputs/EXTERNAL-COMPARISON-20261004/runtime/swin_train.py", line 161, in timed_update
    loss=train_update(model,optimizer,images,2048,1,noise,config['microbatch_size'])
  File "/home/liulu/projects/VAR_COMM/outputs/EXTERNAL-COMPARISON-20261004/runtime/swin_train.py", line 132, in train_update
    (loss*((end-start)/len(images))).backward()
  File "/home/liulu/projects/VAR_COMM/experiments/external-baseline-positioning-20260916/.venv/lib/python3.10/site-packages/torch/_tensor.py", line 396, in backward
    torch.autograd.backward(self, gradient, retain_graph, create_graph, inputs=inputs)
  File "/home/liulu/projects/VAR_COMM/experiments/external-baseline-positioning-20260916/.venv/lib/python3.10/site-packages/torch/autograd/__init__.py", line 173, in backward
    Variable._execution_engine.run_backward(  # Calls into the C++ engine to run the backward pass
RuntimeError: scatter_add_cuda_kernel does not have a deterministic implementation, but you set 'torch.use_deterministic_algorithms(True)'. You can turn off determinism just for this operation, or you can use the 'warn_only=True' option, if that's acceptable for your application. You can also file an issue at https://github.com/pytorch/pytorch/issues to help us prioritize adding deterministic support for this operation.
