
[constructor]  ==== flash_if_available=False (0/16), fused_if_available=False (fusing_add_ln=0/16, fusing_mlp=0/16) ==== 
    [VAR config ] embed_dim=1024, num_heads=16, depth=16, mlp_ratio=4.0
    [drop ratios ] drop_rate=0.0, attn_drop_rate=0.0, drop_path_rate=0.0666667 (tensor([0.0000, 0.0044, 0.0089, 0.0133, 0.0178, 0.0222, 0.0267, 0.0311, 0.0356,
        0.0400, 0.0444, 0.0489, 0.0533, 0.0578, 0.0622, 0.0667]))

[init_weights] VAR with init_std=0.0180422
/home/liulu/.local/lib/python3.10/site-packages/torchvision/models/_utils.py:208: UserWarning: The parameter 'pretrained' is deprecated since 0.13 and may be removed in the future, please use 'weights' instead.
  warnings.warn(
/home/liulu/.local/lib/python3.10/site-packages/torchvision/models/_utils.py:223: UserWarning: Arguments other than a weight enum or `None` for 'weights' are deprecated since 0.13 and may be removed in the future. The current behavior is equivalent to passing `weights=None`.
  warnings.warn(msg)
train m8 27600
train m8 27700
train m8 27800
train m8 27900
train m8 28000
train m8 28100
train m8 28200
train m8 28300
train m8 28400
train m8 28500
train m8 28600
train m8 28700
train m8 28800
train m8 28900
train m8 29000
train m8 29100
train m8 29200
train m8 29300
train m8 29400
train m8 29500
train m8 29600
train m8 29700
train m8 29800
train m8 29900
train m8 30000
full calibration 30000 {'H8-V': 0.02710457253693603}
