
[constructor]  ==== flash_if_available=False (0/16), fused_if_available=False (fusing_add_ln=0/16, fusing_mlp=0/16) ==== 
    [VAR config ] embed_dim=1024, num_heads=16, depth=16, mlp_ratio=4.0
    [drop ratios ] drop_rate=0.0, attn_drop_rate=0.0, drop_path_rate=0.0666667 (tensor([0.0000, 0.0044, 0.0089, 0.0133, 0.0178, 0.0222, 0.0267, 0.0311, 0.0356,
        0.0400, 0.0444, 0.0489, 0.0533, 0.0578, 0.0622, 0.0667]))

[init_weights] VAR with init_std=0.0180422
/home/liulu/.local/lib/python3.10/site-packages/torchvision/models/_utils.py:208: UserWarning: The parameter 'pretrained' is deprecated since 0.13 and may be removed in the future, please use 'weights' instead.
  warnings.warn(
/home/liulu/.local/lib/python3.10/site-packages/torchvision/models/_utils.py:223: UserWarning: Arguments other than a weight enum or `None` for 'weights' are deprecated since 0.13 and may be removed in the future. The current behavior is equivalent to passing `weights=None`.
  warnings.warn(msg)
train m8 17700
train m8 17800
train m8 17900
train m8 18000
train m8 18100
train m8 18200
train m8 18300
train m8 18400
train m8 18500
train m8 18600
train m8 18700
train m8 18800
train m8 18900
train m8 19000
train m8 19100
train m8 19200
train m8 19300
train m8 19400
train m8 19500
train m8 19600
train m8 19700
train m8 19800
train m8 19900
train m8 20000
full calibration 20000 {'H8-V': 0.0272466456703376}
